[originalES(Original read from dataset)] 500 18248242769591794958 [filteredES(Events indexed)] 500 12964397401011121073 [hitsData(Report traffic)] 57 (201.00) irisk(16.00) farmstay( 1.00) farmona( 3.00) kapous( 6.00) runail(45.00) masura(14.00) marathon( 7.00) strong( 6.00) pnb( 2.00) domix( 1.00) milv( 1.00) artex( 1.00) zinger( 3.00) yoko( 1.00) ingarden(27.00) uskusi( 5.00) jas( 2.00) lovely( 5.00) enigma( 1.00) max(11.00) uno(15.00) enas( 1.00) jessnail( 1.00) lianail( 1.00) osmo( 1.00) grattol( 6.00) estelare( 1.00) lowence( 4.00) kinetics( 2.00) art-visage( 2.00) provoc( 3.00) consly( 5.00) eunyul( 5.00) lebelage( 1.00) browxenna( 2.00) thuya( 8.00) italwax( 2.00) depilflax( 1.00) estel( 5.00) beauty-free( 4.00) solomeya( 1.00) oniq(16.00) kosmekka( 4.00) haruyama(12.00) i-laq( 4.00) bioaqua( 7.00) emil( 1.00) kaaral( 6.00) beautyblender( 4.00) cnd( 4.00) shik( 2.00) bpw.style( 1.00) dermal( 4.00) keen( 2.00) sunuv( 1.00) beautix( 2.00) [amountData(Report amount)] 57 (2790.43) irisk(129.85) farmstay( 0.63) farmona(80.73) kapous(21.90) runail(63.61) masura(57.88) marathon(964.46) strong(1172.22) pnb( 7.38) domix( 4.24) milv( 3.17) artex(15.08) zinger(48.15) yoko( 7.83) ingarden(174.99) uskusi(19.05) jas(51.42) lovely(34.93) enigma( 6.90) max(579.86) uno(134.48) enas( 3.54) jessnail( 8.73) lianail( 6.33) osmo( 9.71) grattol(25.14) estelare( 3.02) lowence(69.84) kinetics(18.74) art-visage( 9.36) provoc(19.71) consly(23.50) eunyul(35.55) lebelage( 3.75) browxenna(29.68) thuya(252.06) italwax(26.04) depilflax(10.54) estel(27.45) beauty-free(18.80) solomeya( 1.75) oniq(139.68) kosmekka(128.88) haruyama(47.64) i-laq(15.88) bioaqua(54.46) emil(55.56) kaaral(59.22) beautyblender(99.04) cnd(34.28) shik(20.64) bpw.style( 0.79) dermal( 4.12) keen(19.56) sunuv(33.33) beautix(31.42)
