[originalES(Original read from dataset)] 162 3503607102617202807 [filteredES(Events indexed)] 99 4040825974372824428 [hitsData(Report traffic)] 31 beauty-free( 1.00) blixz( 1.00) bluesky( 1.00) bpw.style(22.00) cosmoprofi( 1.00) depilflax( 1.00) domix( 1.00) entity( 1.00) estel( 3.00) f.o.x( 1.00) freedecor( 8.00) haruyama( 1.00) ingarden( 5.00) irisk( 8.00) italwax(12.00) jessnail( 1.00) konad( 1.00) kosmekka( 1.00) lamixx( 1.00) masura( 8.00) metzger( 1.00) milv( 1.00) orly( 1.00) pnb( 2.00) roubloff( 2.00) runail( 2.00) shary( 2.00) shik( 2.00) solomeya( 1.00) staleks( 5.00) uno( 1.00) [amountData(Report amount)] 31 beauty-free( 1.89) blixz( 1.21) bluesky( 3.97) bpw.style(24.23) cosmoprofi( 7.14) depilflax( 7.14) domix( 4.57) entity( 3.40) estel(43.65) f.o.x( 4.19) freedecor( 9.83) haruyama( 3.97) ingarden( 7.34) irisk(43.25) italwax(68.98) jessnail(44.29) konad( 4.19) kosmekka(15.24) lamixx(46.49) masura(17.17) metzger( 3.73) milv( 3.49) orly( 1.98) pnb( 6.61) roubloff( 6.28) runail(10.16) shary( 7.94) shik(20.64) solomeya( 0.87) staleks(69.86) uno(10.32)
